// Jest Snapshot v1, https://goo.gl/fbAQLP

exports[`HomeView component renders correctly 1`] = `
<View
  style={
    Object {
      "alignItems": "center",
      "backgroundColor": "white",
      "flex": 1,
      "justifyContent": "center",
    }
  }
>
  <Image
    resizeMode="contain"
    source={
      Object {
        "testUri": "../../../src/assets/mkonnektLogo.png",
      }
    }
    style={
      Object {
        "height": 90,
        "marginBottom": 72,
        "width": 562.5,
      }
    }
  />
  <View
    accessible={true}
    focusable={true}
    onClick={[Function]}
    onResponderGrant={[Function]}
    onResponderMove={[Function]}
    onResponderRelease={[Function]}
    onResponderTerminate={[Function]}
    onResponderTerminationRequest={[Function]}
    onStartShouldSetResponder={[Function]}
    style={
      Object {
        "alignItems": "center",
        "backgroundColor": "#0077be",
        "borderRadius": 8,
        "height": 40,
        "justifyContent": "center",
        "marginBottom": 16,
        "opacity": 1,
        "width": 337.5,
      }
    }
  >
    <Text
      style={
        Object {
          "color": "white",
          "fontSize": 17,
        }
      }
    >
      Items
    </Text>
  </View>
  <View
    accessible={true}
    focusable={true}
    onClick={[Function]}
    onResponderGrant={[Function]}
    onResponderMove={[Function]}
    onResponderRelease={[Function]}
    onResponderTerminate={[Function]}
    onResponderTerminationRequest={[Function]}
    onStartShouldSetResponder={[Function]}
    style={
      Object {
        "alignItems": "center",
        "backgroundColor": "#0077be",
        "borderRadius": 8,
        "height": 40,
        "justifyContent": "center",
        "marginBottom": 16,
        "opacity": 1,
        "width": 337.5,
      }
    }
  >
    <Text
      style={
        Object {
          "color": "white",
          "fontSize": 17,
        }
      }
    >
      Categories
    </Text>
  </View>
</View>
`;
