// Jest Snapshot v1, https://goo.gl/fbAQLP

exports[`MenuItemsView component renders correctly 1`] = `
<View
  style={
    Object {
      "alignItems": "center",
      "backgroundColor": "white",
      "flex": 1,
      "justifyContent": "center",
    }
  }
>
  <View
    accessible={true}
    focusable={false}
    onClick={[Function]}
    onResponderGrant={[Function]}
    onResponderMove={[Function]}
    onResponderRelease={[Function]}
    onResponderTerminate={[Function]}
    onResponderTerminationRequest={[Function]}
    onStartShouldSetResponder={[Function]}
    style={
      Object {
        "left": 24,
        "opacity": 1,
        "position": "absolute",
        "top": 24,
      }
    }
  >
    <Image
      resizeMode="contain"
      source={
        Object {
          "testUri": "../../../src/assets/backIcon.png",
        }
      }
      style={
        Object {
          "height": 20,
          "width": 20,
        }
      }
    />
  </View>
  <Text
    style={
      Object {
        "fontSize": 17,
        "position": "absolute",
        "textAlign": "center",
        "top": 24,
      }
    }
  >
    Items
  </Text>
</View>
`;
